======================================================================
GraphCL Remaining Exp Summary  —  2026-06-09 09:43:06
Epochs=100  BatchSize=128  LR=1e-4  Aug=dnodes
=
GraphCL Remaining Exp Summary  —  2026-06-09 09:43:06
Epochs=100  BatchSize=128  LR=1e-4  Aug=dnodes
=
GraphCL Remaining Exp Summary  —  2026-06-09 09:43:06
Epochs=100  BatchSize=128  LR=1e-4  Aug=dnodes
=
GraphCL Remaining Exp Summary  —  2026-06-09 09:43:06
Epochs=100  BatchSize=128  LR=1e-4  Aug=dnodes
=
GraphCL Remaining Exp Summary  —  2026-06-09 09:43:06
Epochs=100  BatchSize=128  LR=1e-4  Aug=dnodes
=
GraphCL Remaining Exp Summary  —  2026-06-09 09:43:06
Epochs=100  BatchSize=128  LR=1e-4  Aug=dnodes
=
GraphCL Remaining Exp Summary  —  2026-06-09 09:43:06
Epochs=100  BatchSize=128  LR=1e-4  Aug=dnodes
=
GraphCL Remaining Exp Summary  —  2026-06-09 09:43:06
Epochs=100  BatchSize=128  LR=1e-4  Aug=dnodes
=
GraphCL Remaining Exp Summary  —  2026-06-09 09:43:06
Epochs=100  BatchSize=128  LR=1e-4  Aug=dnodes
=
GraphCL Remaining Exp Summary  —  2026-06-09 09:43:06
Epochs=100  BatchSize=128  LR=1e-4  Aug=dnodes
=
GraphCL Remaining Exp Summary  —  2026-06-09 09:43:06
Epochs=100  BatchSize=128  LR=1e-4  Aug=dnodes
=
GraphCL Remaining Exp Summary  —  2026-06-09 09:43:06
Epochs=100  BatchSize=128  LR=1e-4  Aug=dnodes
=
GraphCL Remaining Exp Summary  —  2026-06-09 09:43:06
Epochs=100  BatchSize=128  LR=1e-4  Aug=dnodes
=
GraphCL Remaining Exp Summary  —  2026-06-09 09:43:06
Epochs=100  BatchSize=128  LR=1e-4  Aug=dnodes
=
GraphCL Remaining Exp Summary  —  2026-06-09 09:43:06
Epochs=100  BatchSize=128  LR=1e-4  Aug=dnodes
=
GraphCL Remaining Exp Summary  —  2026-06-09 09:43:06
Epochs=100  BatchSize=128  LR=1e-4  Aug=dnodes
=
GraphCL Remaining Exp Summary  —  2026-06-09 09:43:06
Epochs=100  BatchSize=128  LR=1e-4  Aug=dnodes
=
GraphCL Remaining Exp Summary  —  2026-06-09 09:43:06
Epochs=100  BatchSize=128  LR=1e-4  Aug=dnodes
=
GraphCL Remaining Exp Summary  —  2026-06-09 09:43:06
Epochs=100  BatchSize=128  LR=1e-4  Aug=dnodes
=
GraphCL Remaining Exp Summary  —  2026-06-09 09:43:06
Epochs=100  BatchSize=128  LR=1e-4  Aug=dnodes
=
GraphCL Remaining Exp Summary  —  2026-06-09 09:43:06
Epochs=100  BatchSize=128  LR=1e-4  Aug=dnodes
=
GraphCL Remaining Exp Summary  —  2026-06-09 09:43:06
Epochs=100  BatchSize=128  LR=1e-4  Aug=dnodes
=
GraphCL Remaining Exp Summary  —  2026-06-09 09:43:06
Epochs=100  BatchSize=128  LR=1e-4  Aug=dnodes
=
GraphCL Remaining Exp Summary  —  2026-06-09 09:43:06
Epochs=100  BatchSize=128  LR=1e-4  Aug=dnodes
=
GraphCL Remaining Exp Summary  —  2026-06-09 09:43:06
Epochs=100  BatchSize=128  LR=1e-4  Aug=dnodes
=
GraphCL Remaining Exp Summary  —  2026-06-09 09:43:06
Epochs=100  BatchSize=128  LR=1e-4  Aug=dnodes
=
GraphCL Remaining Exp Summary  —  2026-06-09 09:43:06
Epochs=100  BatchSize=128  LR=1e-4  Aug=dnodes
=
GraphCL Remaining Exp Summary  —  2026-06-09 09:43:06
Epochs=100  BatchSize=128  LR=1e-4  Aug=dnodes
=
GraphCL Remaining Exp Summary  —  2026-06-09 09:43:06
Epochs=100  BatchSize=128  LR=1e-4  Aug=dnodes
=
GraphCL Remaining Exp Summary  —  2026-06-09 09:43:06
Epochs=100  BatchSize=128  LR=1e-4  Aug=dnodes
=
GraphCL Remaining Exp Summary  —  2026-06-09 09:43:06
Epochs=100  BatchSize=128  LR=1e-4  Aug=dnodes
=
GraphCL Remaining Exp Summary  —  2026-06-09 09:43:06
Epochs=100  BatchSize=128  LR=1e-4  Aug=dnodes
=
GraphCL Remaining Exp Summary  —  2026-06-09 09:43:06
Epochs=100  BatchSize=128  LR=1e-4  Aug=dnodes
=
GraphCL Remaining Exp Summary  —  2026-06-09 09:43:06
Epochs=100  BatchSize=128  LR=1e-4  Aug=dnodes
=
GraphCL Remaining Exp Summary  —  2026-06-09 09:43:06
Epochs=100  BatchSize=128  LR=1e-4  Aug=dnodes
=
GraphCL Remaining Exp Summary  —  2026-06-09 09:43:06
Epochs=100  BatchSize=128  LR=1e-4  Aug=dnodes
=
GraphCL Remaining Exp Summary  —  2026-06-09 09:43:06
Epochs=100  BatchSize=128  LR=1e-4  Aug=dnodes
=
GraphCL Remaining Exp Summary  —  2026-06-09 09:43:06
Epochs=100  BatchSize=128  LR=1e-4  Aug=dnodes
=
GraphCL Remaining Exp Summary  —  2026-06-09 09:43:06
Epochs=100  BatchSize=128  LR=1e-4  Aug=dnodes
=
GraphCL Remaining Exp Summary  —  2026-06-09 09:43:06
Epochs=100  BatchSize=128  LR=1e-4  Aug=dnodes
=
GraphCL Remaining Exp Summary  —  2026-06-09 09:43:06
Epochs=100  BatchSize=128  LR=1e-4  Aug=dnodes
=
GraphCL Remaining Exp Summary  —  2026-06-09 09:43:06
Epochs=100  BatchSize=128  LR=1e-4  Aug=dnodes
=
GraphCL Remaining Exp Summary  —  2026-06-09 09:43:06
Epochs=100  BatchSize=128  LR=1e-4  Aug=dnodes
=
GraphCL Remaining Exp Summary  —  2026-06-09 09:43:06
Epochs=100  BatchSize=128  LR=1e-4  Aug=dnodes
=
GraphCL Remaining Exp Summary  —  2026-06-09 09:43:06
Epochs=100  BatchSize=128  LR=1e-4  Aug=dnodes
=
GraphCL Remaining Exp Summary  —  2026-06-09 09:43:06
Epochs=100  BatchSize=128  LR=1e-4  Aug=dnodes
=
GraphCL Remaining Exp Summary  —  2026-06-09 09:43:06
Epochs=100  BatchSize=128  LR=1e-4  Aug=dnodes
=
GraphCL Remaining Exp Summary  —  2026-06-09 09:43:06
Epochs=100  BatchSize=128  LR=1e-4  Aug=dnodes
=
GraphCL Remaining Exp Summary  —  2026-06-09 09:43:06
Epochs=100  BatchSize=128  LR=1e-4  Aug=dnodes
=
GraphCL Remaining Exp Summary  —  2026-06-09 09:43:06
Epochs=100  BatchSize=128  LR=1e-4  Aug=dnodes
=
GraphCL Remaining Exp Summary  —  2026-06-09 09:43:06
Epochs=100  BatchSize=128  LR=1e-4  Aug=dnodes
=
GraphCL Remaining Exp Summary  —  2026-06-09 09:43:06
Epochs=100  BatchSize=128  LR=1e-4  Aug=dnodes
=
GraphCL Remaining Exp Summary  —  2026-06-09 09:43:06
Epochs=100  BatchSize=128  LR=1e-4  Aug=dnodes
=
GraphCL Remaining Exp Summary  —  2026-06-09 09:43:06
Epochs=100  BatchSize=128  LR=1e-4  Aug=dnodes
=
GraphCL Remaining Exp Summary  —  2026-06-09 09:43:06
Epochs=100  BatchSize=128  LR=1e-4  Aug=dnodes
=
GraphCL Remaining Exp Summary  —  2026-06-09 09:43:06
Epochs=100  BatchSize=128  LR=1e-4  Aug=dnodes
=
GraphCL Remaining Exp Summary  —  2026-06-09 09:43:06
Epochs=100  BatchSize=128  LR=1e-4  Aug=dnodes
=
GraphCL Remaining Exp Summary  —  2026-06-09 09:43:06
Epochs=100  BatchSize=128  LR=1e-4  Aug=dnodes
=
GraphCL Remaining Exp Summary  —  2026-06-09 09:43:06
Epochs=100  BatchSize=128  LR=1e-4  Aug=dnodes
=
GraphCL Remaining Exp Summary  —  2026-06-09 09:43:06
Epochs=100  BatchSize=128  LR=1e-4  Aug=dnodes
=
GraphCL Remaining Exp Summary  —  2026-06-09 09:43:06
Epochs=100  BatchSize=128  LR=1e-4  Aug=dnodes
=
GraphCL Remaining Exp Summary  —  2026-06-09 09:43:06
Epochs=100  BatchSize=128  LR=1e-4  Aug=dnodes
=
GraphCL Remaining Exp Summary  —  2026-06-09 09:43:06
Epochs=100  BatchSize=128  LR=1e-4  Aug=dnodes
=
GraphCL Remaining Exp Summary  —  2026-06-09 09:43:06
Epochs=100  BatchSize=128  LR=1e-4  Aug=dnodes
=
GraphCL Remaining Exp Summary  —  2026-06-09 09:43:06
Epochs=100  BatchSize=128  LR=1e-4  Aug=dnodes
=
GraphCL Remaining Exp Summary  —  2026-06-09 09:43:06
Epochs=100  BatchSize=128  LR=1e-4  Aug=dnodes
=
GraphCL Remaining Exp Summary  —  2026-06-09 09:43:06
Epochs=100  BatchSize=128  LR=1e-4  Aug=dnodes
=
GraphCL Remaining Exp Summary  —  2026-06-09 09:43:06
Epochs=100  BatchSize=128  LR=1e-4  Aug=dnodes
=
GraphCL Remaining Exp Summary  —  2026-06-09 09:43:06
Epochs=100  BatchSize=128  LR=1e-4  Aug=dnodes
=
GraphCL Remaining Exp Summary  —  2026-06-09 09:43:06
Epochs=100  BatchSize=128  LR=1e-4  Aug=dnodes
=

────────────────────────────────────────────────────────────
Dataset: DD
────────────────────────────────────────────────────────────

  ▶ Group A (normal)
    [DD] normal seed=0  ... val_acc=0.7793
    [DD] normal seed=1  ... val_acc=0.7742
    [DD] normal seed=2  ... val_acc=0.7844
    [DD] normal seed=3  ... val_acc=0.7775
    [DD] normal seed=4  ... val_acc=0.7768

  → normal  ACC Mean: 0.7784 ± 0.0034

  ▶ Group B (reweight_random_FN)
    [DD] reweight_random_FN seed=0  ... val_acc=0.7827, pFN prec=0.0000
    [DD] reweight_random_FN seed=1  ... val_acc=0.7801, pFN prec=0.0000
    [DD] reweight_random_FN seed=2  ... val_acc=0.7793, pFN prec=0.0000
    [DD] reweight_random_FN seed=3  ... 