======================================================================
GraphCL Remaining Exp Summary  —  2026-06-09 20:10:38
Epochs=100  BatchSize=128  LR=1e-4  Aug=dnodes
=
GraphCL Remaining Exp Summary  —  2026-06-09 20:10:38
Epochs=100  BatchSize=128  LR=1e-4  Aug=dnodes
=
GraphCL Remaining Exp Summary  —  2026-06-09 20:10:38
Epochs=100  BatchSize=128  LR=1e-4  Aug=dnodes
=
GraphCL Remaining Exp Summary  —  2026-06-09 20:10:38
Epochs=100  BatchSize=128  LR=1e-4  Aug=dnodes
=
GraphCL Remaining Exp Summary  —  2026-06-09 20:10:38
Epochs=100  BatchSize=128  LR=1e-4  Aug=dnodes
=
GraphCL Remaining Exp Summary  —  2026-06-09 20:10:38
Epochs=100  BatchSize=128  LR=1e-4  Aug=dnodes
=
GraphCL Remaining Exp Summary  —  2026-06-09 20:10:38
Epochs=100  BatchSize=128  LR=1e-4  Aug=dnodes
=
GraphCL Remaining Exp Summary  —  2026-06-09 20:10:38
Epochs=100  BatchSize=128  LR=1e-4  Aug=dnodes
=
GraphCL Remaining Exp Summary  —  2026-06-09 20:10:38
Epochs=100  BatchSize=128  LR=1e-4  Aug=dnodes
=
GraphCL Remaining Exp Summary  —  2026-06-09 20:10:38
Epochs=100  BatchSize=128  LR=1e-4  Aug=dnodes
=
GraphCL Remaining Exp Summary  —  2026-06-09 20:10:38
Epochs=100  BatchSize=128  LR=1e-4  Aug=dnodes
=
GraphCL Remaining Exp Summary  —  2026-06-09 20:10:38
Epochs=100  BatchSize=128  LR=1e-4  Aug=dnodes
=
GraphCL Remaining Exp Summary  —  2026-06-09 20:10:38
Epochs=100  BatchSize=128  LR=1e-4  Aug=dnodes
=
GraphCL Remaining Exp Summary  —  2026-06-09 20:10:38
Epochs=100  BatchSize=128  LR=1e-4  Aug=dnodes
=
GraphCL Remaining Exp Summary  —  2026-06-09 20:10:38
Epochs=100  BatchSize=128  LR=1e-4  Aug=dnodes
=
GraphCL Remaining Exp Summary  —  2026-06-09 20:10:38
Epochs=100  BatchSize=128  LR=1e-4  Aug=dnodes
=
GraphCL Remaining Exp Summary  —  2026-06-09 20:10:38
Epochs=100  BatchSize=128  LR=1e-4  Aug=dnodes
=
GraphCL Remaining Exp Summary  —  2026-06-09 20:10:38
Epochs=100  BatchSize=128  LR=1e-4  Aug=dnodes
=
GraphCL Remaining Exp Summary  —  2026-06-09 20:10:38
Epochs=100  BatchSize=128  LR=1e-4  Aug=dnodes
=
GraphCL Remaining Exp Summary  —  2026-06-09 20:10:38
Epochs=100  BatchSize=128  LR=1e-4  Aug=dnodes
=
GraphCL Remaining Exp Summary  —  2026-06-09 20:10:38
Epochs=100  BatchSize=128  LR=1e-4  Aug=dnodes
=
GraphCL Remaining Exp Summary  —  2026-06-09 20:10:38
Epochs=100  BatchSize=128  LR=1e-4  Aug=dnodes
=
GraphCL Remaining Exp Summary  —  2026-06-09 20:10:38
Epochs=100  BatchSize=128  LR=1e-4  Aug=dnodes
=
GraphCL Remaining Exp Summary  —  2026-06-09 20:10:38
Epochs=100  BatchSize=128  LR=1e-4  Aug=dnodes
=
GraphCL Remaining Exp Summary  —  2026-06-09 20:10:38
Epochs=100  BatchSize=128  LR=1e-4  Aug=dnodes
=
GraphCL Remaining Exp Summary  —  2026-06-09 20:10:38
Epochs=100  BatchSize=128  LR=1e-4  Aug=dnodes
=
GraphCL Remaining Exp Summary  —  2026-06-09 20:10:38
Epochs=100  BatchSize=128  LR=1e-4  Aug=dnodes
=
GraphCL Remaining Exp Summary  —  2026-06-09 20:10:38
Epochs=100  BatchSize=128  LR=1e-4  Aug=dnodes
=
GraphCL Remaining Exp Summary  —  2026-06-09 20:10:38
Epochs=100  BatchSize=128  LR=1e-4  Aug=dnodes
=
GraphCL Remaining Exp Summary  —  2026-06-09 20:10:38
Epochs=100  BatchSize=128  LR=1e-4  Aug=dnodes
=
GraphCL Remaining Exp Summary  —  2026-06-09 20:10:38
Epochs=100  BatchSize=128  LR=1e-4  Aug=dnodes
=
GraphCL Remaining Exp Summary  —  2026-06-09 20:10:38
Epochs=100  BatchSize=128  LR=1e-4  Aug=dnodes
=
GraphCL Remaining Exp Summary  —  2026-06-09 20:10:38
Epochs=100  BatchSize=128  LR=1e-4  Aug=dnodes
=
GraphCL Remaining Exp Summary  —  2026-06-09 20:10:38
Epochs=100  BatchSize=128  LR=1e-4  Aug=dnodes
=
GraphCL Remaining Exp Summary  —  2026-06-09 20:10:38
Epochs=100  BatchSize=128  LR=1e-4  Aug=dnodes
=
GraphCL Remaining Exp Summary  —  2026-06-09 20:10:38
Epochs=100  BatchSize=128  LR=1e-4  Aug=dnodes
=
GraphCL Remaining Exp Summary  —  2026-06-09 20:10:38
Epochs=100  BatchSize=128  LR=1e-4  Aug=dnodes
=
GraphCL Remaining Exp Summary  —  2026-06-09 20:10:38
Epochs=100  BatchSize=128  LR=1e-4  Aug=dnodes
=
GraphCL Remaining Exp Summary  —  2026-06-09 20:10:38
Epochs=100  BatchSize=128  LR=1e-4  Aug=dnodes
=
GraphCL Remaining Exp Summary  —  2026-06-09 20:10:38
Epochs=100  BatchSize=128  LR=1e-4  Aug=dnodes
=
GraphCL Remaining Exp Summary  —  2026-06-09 20:10:38
Epochs=100  BatchSize=128  LR=1e-4  Aug=dnodes
=
GraphCL Remaining Exp Summary  —  2026-06-09 20:10:38
Epochs=100  BatchSize=128  LR=1e-4  Aug=dnodes
=
GraphCL Remaining Exp Summary  —  2026-06-09 20:10:38
Epochs=100  BatchSize=128  LR=1e-4  Aug=dnodes
=
GraphCL Remaining Exp Summary  —  2026-06-09 20:10:38
Epochs=100  BatchSize=128  LR=1e-4  Aug=dnodes
=
GraphCL Remaining Exp Summary  —  2026-06-09 20:10:38
Epochs=100  BatchSize=128  LR=1e-4  Aug=dnodes
=
GraphCL Remaining Exp Summary  —  2026-06-09 20:10:38
Epochs=100  BatchSize=128  LR=1e-4  Aug=dnodes
=
GraphCL Remaining Exp Summary  —  2026-06-09 20:10:38
Epochs=100  BatchSize=128  LR=1e-4  Aug=dnodes
=
GraphCL Remaining Exp Summary  —  2026-06-09 20:10:38
Epochs=100  BatchSize=128  LR=1e-4  Aug=dnodes
=
GraphCL Remaining Exp Summary  —  2026-06-09 20:10:38
Epochs=100  BatchSize=128  LR=1e-4  Aug=dnodes
=
GraphCL Remaining Exp Summary  —  2026-06-09 20:10:38
Epochs=100  BatchSize=128  LR=1e-4  Aug=dnodes
=
GraphCL Remaining Exp Summary  —  2026-06-09 20:10:38
Epochs=100  BatchSize=128  LR=1e-4  Aug=dnodes
=
GraphCL Remaining Exp Summary  —  2026-06-09 20:10:38
Epochs=100  BatchSize=128  LR=1e-4  Aug=dnodes
=
GraphCL Remaining Exp Summary  —  2026-06-09 20:10:38
Epochs=100  BatchSize=128  LR=1e-4  Aug=dnodes
=
GraphCL Remaining Exp Summary  —  2026-06-09 20:10:38
Epochs=100  BatchSize=128  LR=1e-4  Aug=dnodes
=
GraphCL Remaining Exp Summary  —  2026-06-09 20:10:38
Epochs=100  BatchSize=128  LR=1e-4  Aug=dnodes
=
GraphCL Remaining Exp Summary  —  2026-06-09 20:10:38
Epochs=100  BatchSize=128  LR=1e-4  Aug=dnodes
=
GraphCL Remaining Exp Summary  —  2026-06-09 20:10:38
Epochs=100  BatchSize=128  LR=1e-4  Aug=dnodes
=
GraphCL Remaining Exp Summary  —  2026-06-09 20:10:38
Epochs=100  BatchSize=128  LR=1e-4  Aug=dnodes
=
GraphCL Remaining Exp Summary  —  2026-06-09 20:10:38
Epochs=100  BatchSize=128  LR=1e-4  Aug=dnodes
=
GraphCL Remaining Exp Summary  —  2026-06-09 20:10:38
Epochs=100  BatchSize=128  LR=1e-4  Aug=dnodes
=
GraphCL Remaining Exp Summary  —  2026-06-09 20:10:38
Epochs=100  BatchSize=128  LR=1e-4  Aug=dnodes
=
GraphCL Remaining Exp Summary  —  2026-06-09 20:10:38
Epochs=100  BatchSize=128  LR=1e-4  Aug=dnodes
=
GraphCL Remaining Exp Summary  —  2026-06-09 20:10:38
Epochs=100  BatchSize=128  LR=1e-4  Aug=dnodes
=
GraphCL Remaining Exp Summary  —  2026-06-09 20:10:38
Epochs=100  BatchSize=128  LR=1e-4  Aug=dnodes
=
GraphCL Remaining Exp Summary  —  2026-06-09 20:10:38
Epochs=100  BatchSize=128  LR=1e-4  Aug=dnodes
=
GraphCL Remaining Exp Summary  —  2026-06-09 20:10:38
Epochs=100  BatchSize=128  LR=1e-4  Aug=dnodes
=
GraphCL Remaining Exp Summary  —  2026-06-09 20:10:38
Epochs=100  BatchSize=128  LR=1e-4  Aug=dnodes
=
GraphCL Remaining Exp Summary  —  2026-06-09 20:10:38
Epochs=100  BatchSize=128  LR=1e-4  Aug=dnodes
=
GraphCL Remaining Exp Summary  —  2026-06-09 20:10:38
Epochs=100  BatchSize=128  LR=1e-4  Aug=dnodes
=
GraphCL Remaining Exp Summary  —  2026-06-09 20:10:38
Epochs=100  BatchSize=128  LR=1e-4  Aug=dnodes
=

────────────────────────────────────────────────────────────
Dataset: DD
────────────────────────────────────────────────────────────

  ▶ Group A (normal)
    [DD] normal seed=0  ... val_acc=0.7793 (cached)
    [DD] normal seed=1  ... val_acc=0.7742 (cached)
    [DD] normal seed=2  ... val_acc=0.7844 (cached)
    [DD] normal seed=3  ... val_acc=0.7775 (cached)
    [DD] normal seed=4  ... val_acc=0.7768 (cached)

  → normal  ACC Mean: 0.7784 ± 0.0034

  ▶ Group B (reweight_random_FN)
    [DD] reweight_random_FN seed=0  ... 