======================================================================
GraphCL Remaining Exp 2 Summary  —  2026-06-09 20:07:40
Epochs=100  BatchSize=128  LR=1e-4  Aug=dnodes
=
GraphCL Remaining Exp 2 Summary  —  2026-06-09 20:07:40
Epochs=100  BatchSize=128  LR=1e-4  Aug=dnodes
=
GraphCL Remaining Exp 2 Summary  —  2026-06-09 20:07:40
Epochs=100  BatchSize=128  LR=1e-4  Aug=dnodes
=
GraphCL Remaining Exp 2 Summary  —  2026-06-09 20:07:40
Epochs=100  BatchSize=128  LR=1e-4  Aug=dnodes
=
GraphCL Remaining Exp 2 Summary  —  2026-06-09 20:07:40
Epochs=100  BatchSize=128  LR=1e-4  Aug=dnodes
=
GraphCL Remaining Exp 2 Summary  —  2026-06-09 20:07:40
Epochs=100  BatchSize=128  LR=1e-4  Aug=dnodes
=
GraphCL Remaining Exp 2 Summary  —  2026-06-09 20:07:40
Epochs=100  BatchSize=128  LR=1e-4  Aug=dnodes
=
GraphCL Remaining Exp 2 Summary  —  2026-06-09 20:07:40
Epochs=100  BatchSize=128  LR=1e-4  Aug=dnodes
=
GraphCL Remaining Exp 2 Summary  —  2026-06-09 20:07:40
Epochs=100  BatchSize=128  LR=1e-4  Aug=dnodes
=
GraphCL Remaining Exp 2 Summary  —  2026-06-09 20:07:40
Epochs=100  BatchSize=128  LR=1e-4  Aug=dnodes
=
GraphCL Remaining Exp 2 Summary  —  2026-06-09 20:07:40
Epochs=100  BatchSize=128  LR=1e-4  Aug=dnodes
=
GraphCL Remaining Exp 2 Summary  —  2026-06-09 20:07:40
Epochs=100  BatchSize=128  LR=1e-4  Aug=dnodes
=
GraphCL Remaining Exp 2 Summary  —  2026-06-09 20:07:40
Epochs=100  BatchSize=128  LR=1e-4  Aug=dnodes
=
GraphCL Remaining Exp 2 Summary  —  2026-06-09 20:07:40
Epochs=100  BatchSize=128  LR=1e-4  Aug=dnodes
=
GraphCL Remaining Exp 2 Summary  —  2026-06-09 20:07:40
Epochs=100  BatchSize=128  LR=1e-4  Aug=dnodes
=
GraphCL Remaining Exp 2 Summary  —  2026-06-09 20:07:40
Epochs=100  BatchSize=128  LR=1e-4  Aug=dnodes
=
GraphCL Remaining Exp 2 Summary  —  2026-06-09 20:07:40
Epochs=100  BatchSize=128  LR=1e-4  Aug=dnodes
=
GraphCL Remaining Exp 2 Summary  —  2026-06-09 20:07:40
Epochs=100  BatchSize=128  LR=1e-4  Aug=dnodes
=
GraphCL Remaining Exp 2 Summary  —  2026-06-09 20:07:40
Epochs=100  BatchSize=128  LR=1e-4  Aug=dnodes
=
GraphCL Remaining Exp 2 Summary  —  2026-06-09 20:07:40
Epochs=100  BatchSize=128  LR=1e-4  Aug=dnodes
=
GraphCL Remaining Exp 2 Summary  —  2026-06-09 20:07:40
Epochs=100  BatchSize=128  LR=1e-4  Aug=dnodes
=
GraphCL Remaining Exp 2 Summary  —  2026-06-09 20:07:40
Epochs=100  BatchSize=128  LR=1e-4  Aug=dnodes
=
GraphCL Remaining Exp 2 Summary  —  2026-06-09 20:07:40
Epochs=100  BatchSize=128  LR=1e-4  Aug=dnodes
=
GraphCL Remaining Exp 2 Summary  —  2026-06-09 20:07:40
Epochs=100  BatchSize=128  LR=1e-4  Aug=dnodes
=
GraphCL Remaining Exp 2 Summary  —  2026-06-09 20:07:40
Epochs=100  BatchSize=128  LR=1e-4  Aug=dnodes
=
GraphCL Remaining Exp 2 Summary  —  2026-06-09 20:07:40
Epochs=100  BatchSize=128  LR=1e-4  Aug=dnodes
=
GraphCL Remaining Exp 2 Summary  —  2026-06-09 20:07:40
Epochs=100  BatchSize=128  LR=1e-4  Aug=dnodes
=
GraphCL Remaining Exp 2 Summary  —  2026-06-09 20:07:40
Epochs=100  BatchSize=128  LR=1e-4  Aug=dnodes
=
GraphCL Remaining Exp 2 Summary  —  2026-06-09 20:07:40
Epochs=100  BatchSize=128  LR=1e-4  Aug=dnodes
=
GraphCL Remaining Exp 2 Summary  —  2026-06-09 20:07:40
Epochs=100  BatchSize=128  LR=1e-4  Aug=dnodes
=
GraphCL Remaining Exp 2 Summary  —  2026-06-09 20:07:40
Epochs=100  BatchSize=128  LR=1e-4  Aug=dnodes
=
GraphCL Remaining Exp 2 Summary  —  2026-06-09 20:07:40
Epochs=100  BatchSize=128  LR=1e-4  Aug=dnodes
=
GraphCL Remaining Exp 2 Summary  —  2026-06-09 20:07:40
Epochs=100  BatchSize=128  LR=1e-4  Aug=dnodes
=
GraphCL Remaining Exp 2 Summary  —  2026-06-09 20:07:40
Epochs=100  BatchSize=128  LR=1e-4  Aug=dnodes
=
GraphCL Remaining Exp 2 Summary  —  2026-06-09 20:07:40
Epochs=100  BatchSize=128  LR=1e-4  Aug=dnodes
=
GraphCL Remaining Exp 2 Summary  —  2026-06-09 20:07:40
Epochs=100  BatchSize=128  LR=1e-4  Aug=dnodes
=
GraphCL Remaining Exp 2 Summary  —  2026-06-09 20:07:40
Epochs=100  BatchSize=128  LR=1e-4  Aug=dnodes
=
GraphCL Remaining Exp 2 Summary  —  2026-06-09 20:07:40
Epochs=100  BatchSize=128  LR=1e-4  Aug=dnodes
=
GraphCL Remaining Exp 2 Summary  —  2026-06-09 20:07:40
Epochs=100  BatchSize=128  LR=1e-4  Aug=dnodes
=
GraphCL Remaining Exp 2 Summary  —  2026-06-09 20:07:40
Epochs=100  BatchSize=128  LR=1e-4  Aug=dnodes
=
GraphCL Remaining Exp 2 Summary  —  2026-06-09 20:07:40
Epochs=100  BatchSize=128  LR=1e-4  Aug=dnodes
=
GraphCL Remaining Exp 2 Summary  —  2026-06-09 20:07:40
Epochs=100  BatchSize=128  LR=1e-4  Aug=dnodes
=
GraphCL Remaining Exp 2 Summary  —  2026-06-09 20:07:40
Epochs=100  BatchSize=128  LR=1e-4  Aug=dnodes
=
GraphCL Remaining Exp 2 Summary  —  2026-06-09 20:07:40
Epochs=100  BatchSize=128  LR=1e-4  Aug=dnodes
=
GraphCL Remaining Exp 2 Summary  —  2026-06-09 20:07:40
Epochs=100  BatchSize=128  LR=1e-4  Aug=dnodes
=
GraphCL Remaining Exp 2 Summary  —  2026-06-09 20:07:40
Epochs=100  BatchSize=128  LR=1e-4  Aug=dnodes
=
GraphCL Remaining Exp 2 Summary  —  2026-06-09 20:07:40
Epochs=100  BatchSize=128  LR=1e-4  Aug=dnodes
=
GraphCL Remaining Exp 2 Summary  —  2026-06-09 20:07:40
Epochs=100  BatchSize=128  LR=1e-4  Aug=dnodes
=
GraphCL Remaining Exp 2 Summary  —  2026-06-09 20:07:40
Epochs=100  BatchSize=128  LR=1e-4  Aug=dnodes
=
GraphCL Remaining Exp 2 Summary  —  2026-06-09 20:07:40
Epochs=100  BatchSize=128  LR=1e-4  Aug=dnodes
=
GraphCL Remaining Exp 2 Summary  —  2026-06-09 20:07:40
Epochs=100  BatchSize=128  LR=1e-4  Aug=dnodes
=
GraphCL Remaining Exp 2 Summary  —  2026-06-09 20:07:40
Epochs=100  BatchSize=128  LR=1e-4  Aug=dnodes
=
GraphCL Remaining Exp 2 Summary  —  2026-06-09 20:07:40
Epochs=100  BatchSize=128  LR=1e-4  Aug=dnodes
=
GraphCL Remaining Exp 2 Summary  —  2026-06-09 20:07:40
Epochs=100  BatchSize=128  LR=1e-4  Aug=dnodes
=
GraphCL Remaining Exp 2 Summary  —  2026-06-09 20:07:40
Epochs=100  BatchSize=128  LR=1e-4  Aug=dnodes
=
GraphCL Remaining Exp 2 Summary  —  2026-06-09 20:07:40
Epochs=100  BatchSize=128  LR=1e-4  Aug=dnodes
=
GraphCL Remaining Exp 2 Summary  —  2026-06-09 20:07:40
Epochs=100  BatchSize=128  LR=1e-4  Aug=dnodes
=
GraphCL Remaining Exp 2 Summary  —  2026-06-09 20:07:40
Epochs=100  BatchSize=128  LR=1e-4  Aug=dnodes
=
GraphCL Remaining Exp 2 Summary  —  2026-06-09 20:07:40
Epochs=100  BatchSize=128  LR=1e-4  Aug=dnodes
=
GraphCL Remaining Exp 2 Summary  —  2026-06-09 20:07:40
Epochs=100  BatchSize=128  LR=1e-4  Aug=dnodes
=
GraphCL Remaining Exp 2 Summary  —  2026-06-09 20:07:40
Epochs=100  BatchSize=128  LR=1e-4  Aug=dnodes
=
GraphCL Remaining Exp 2 Summary  —  2026-06-09 20:07:40
Epochs=100  BatchSize=128  LR=1e-4  Aug=dnodes
=
GraphCL Remaining Exp 2 Summary  —  2026-06-09 20:07:40
Epochs=100  BatchSize=128  LR=1e-4  Aug=dnodes
=
GraphCL Remaining Exp 2 Summary  —  2026-06-09 20:07:40
Epochs=100  BatchSize=128  LR=1e-4  Aug=dnodes
=
GraphCL Remaining Exp 2 Summary  —  2026-06-09 20:07:40
Epochs=100  BatchSize=128  LR=1e-4  Aug=dnodes
=
GraphCL Remaining Exp 2 Summary  —  2026-06-09 20:07:40
Epochs=100  BatchSize=128  LR=1e-4  Aug=dnodes
=
GraphCL Remaining Exp 2 Summary  —  2026-06-09 20:07:40
Epochs=100  BatchSize=128  LR=1e-4  Aug=dnodes
=
GraphCL Remaining Exp 2 Summary  —  2026-06-09 20:07:40
Epochs=100  BatchSize=128  LR=1e-4  Aug=dnodes
=
GraphCL Remaining Exp 2 Summary  —  2026-06-09 20:07:40
Epochs=100  BatchSize=128  LR=1e-4  Aug=dnodes
=
GraphCL Remaining Exp 2 Summary  —  2026-06-09 20:07:40
Epochs=100  BatchSize=128  LR=1e-4  Aug=dnodes
=

────────────────────────────────────────────────────────────
Dataset: PROTEINS
────────────────────────────────────────────────────────────

  ▶ Group A (normal)
    [PROTEINS] normal seed=0  ... val_acc=0.7690 (cached)
    [PROTEINS] normal seed=1  ... val_acc=0.7691 (cached)
    [PROTEINS] normal seed=2  ... val_acc=0.7673 (cached)
    [PROTEINS] normal seed=3  ... val_acc=0.7674 (cached)
    [PROTEINS] normal seed=4  ... val_acc=0.7727 (cached)

  → normal  ACC Mean: 0.7691 ± 0.0020

  ▶ Group B (reweight_random_FN)
    [PROTEINS] reweight_random_FN seed=0  ... val_acc=0.7655, pFN prec=0.0000 (cached)
    [PROTEINS] reweight_random_FN seed=1  ... val_acc=0.7691, pFN prec=0.0000 (cached)
    [PROTEINS] reweight_random_FN seed=2  ... val_acc=0.7655, pFN prec=0.0000 (cached)
    [PROTEINS] reweight_random_FN seed=3  ... val_acc=0.7719, pFN prec=0.0000 (cached)
    [PROTEINS] reweight_random_FN seed=4  ... val_acc=0.7683, pFN prec=0.0000 (cached)

  → reweight_random_FN  ACC Mean: 0.7681 ± 0.0024
  → reweight_random_FN  Precision Mean: 0.0000 ± 0.0000

────────────────────────────────────────────────────────────
Dataset: COLLAB
────────────────────────────────────────────────────────────

  ▶ Group A (normal)
    [COLLAB] normal seed=0  ... 